{"log":{"version":"1.2","creator":{"name":"pcap2har","version":"(devel)"},"pages":[{"startedDateTime":"2020-07-15T20:51:11.914438+01:00","id":"page_1","title":"http://localhost:5080/auth/login","pageTimings":{"onContentLoad":-1,"onLoad":-1}},{"startedDateTime":"2020-07-15T20:51:15.546852+01:00","id":"page_2","title":"http://localhost:5080/auth/login","pageTimings":{"onContentLoad":-1,"onLoad":-1}},{"startedDateTime":"2020-07-15T20:51:16.141093+01:00","id":"page_3","title":"http://localhost:5080/auth/login","pageTimings":{"onContentLoad":-1,"onLoad":-1}}],"entries":[{"startedDateTime":"2020-07-15T20:51:11.914438+01:00","time":120455000,"request":{"method":"GET","url":"http://localhost:5080/auth/login","httpVersion":"","headers":[{"name":"Connection","value":"keep-alive"},{"name":"Sec-Fetch-User","value":"?1"},{"name":"Sec-Fetch-Mode","value":"navigate"},{"name":"Sec-Fetch-Dest","value":"document"},{"name":"Cache-Control","value":"max-age=0"},{"name":"User-Agent","value":"Mozilla/5.0 (X11; Linux x86_64) AppleWebKit/537.36 (KHTML, like Gecko) Chrome/83.0.4103.116 Safari/537.36"},{"name":"Accept-Encoding","value":"gzip, deflate, br"},{"name":"Upgrade-Insecure-Requests","value":"1"},{"name":"Accept-Language","value":"en-GB,en-US;q=0.9,en;q=0.8"},{"name":"Accept","value":"text/html,application/xhtml+xml,application/xml;q=0.9,image/webp,image/apng,*/*;q=0.8,application/signed-exchange;v=b3;q=0.9"},{"name":"Cookie","value":"jenkins-timestamper-offset=-3600000; XSRF-TOKEN=eyJpdiI6IjNBWitxcGcwNWk0UDdFdm9yZkVCN2c9PSIsInZhbHVlIjoiYXVwSUdybFB1SFBHb0I0Z25PSit2XC9vd0J2cWVhUHVUc1FWU2lLVHZFaGF5MUpJSnZDVDlDejV3dzhGeFVob00iLCJtYWMiOiI4NjU3MTZkNTVhZTNiOGJkNDU1OGVhYjRjM2RlMjZjODM1ZjRjMGM1Nzk5N2U3YTg3YjkxMjQ4NTk2NzVhMjFjIn0%3D; pterodactyl_session=eyJpdiI6ImFndVhyMDdEUFp6dThXdGdaZ0hBNlE9PSIsInZhbHVlIjoic1FZTGNXdFF6Vis4S3lVb1lyaExlZU5mMkJ4YmE3MjE3bE9EbUJ1TVpvN0N2Q1dwaUNGTnRwb2QzOE1SYTA0RCIsIm1hYyI6IjAxZDljZTE3ZDQ5NzMxMDBiMjQ2ZjUwNjZiNGQ0YzU3MTdkNzc3NTVhYTFiODQ4NjE5ZTkwMWE3Mjk5MDY5N2UifQ%3D%3D"},{"name":"Sec-Fetch-Site","value":"none"},{"name":"Host","value":"localhost:5080"}],"queryString":null,"cookies":[{"name":"jenkins-timestamper-offset","value":"-3600000","expires":"0001-01-01T00:00:00Z","httpOnly":false,"secure":false},{"name":"XSRF-TOKEN","value":"eyJpdiI6IjNBWitxcGcwNWk0UDdFdm9yZkVCN2c9PSIsInZhbHVlIjoiYXVwSUdybFB1SFBHb0I0Z25PSit2XC9vd0J2cWVhUHVUc1FWU2lLVHZFaGF5MUpJSnZDVDlDejV3dzhGeFVob00iLCJtYWMiOiI4NjU3MTZkNTVhZTNiOGJkNDU1OGVhYjRjM2RlMjZjODM1ZjRjMGM1Nzk5N2U3YTg3YjkxMjQ4NTk2NzVhMjFjIn0%3D","expires":"0001-01-01T00:00:00Z","httpOnly":false,"secure":false},{"name":"pterodactyl_session","value":"eyJpdiI6ImFndVhyMDdEUFp6dThXdGdaZ0hBNlE9PSIsInZhbHVlIjoic1FZTGNXdFF6Vis4S3lVb1lyaExlZU5mMkJ4YmE3MjE3bE9EbUJ1TVpvN0N2Q1dwaUNGTnRwb2QzOE1SYTA0RCIsIm1hYyI6IjAxZDljZTE3ZDQ5NzMxMDBiMjQ2ZjUwNjZiNGQ0YzU3MTdkNzc3NTVhYTFiODQ4NjE5ZTkwMWE3Mjk5MDY5N2UifQ%3D%3D","expires":"0001-01-01T00:00:00Z","httpOnly":false,"secure":false}],"headersSize":0,"bodySize":0,"content":{"mimeType":"","size":0,"text":""}},"response":{"status":200,"statusText":"200 OK","httpVersion":"HTTP/1.0","headers":[{"name":"X-Powered-By","value":"PHP/7.2.18"},{"name":"Cache-Control","value":"no-cache, private"},{"name":"Date","value":"Wed, 15 Jul 2020 19:51:12 GMT"},{"name":"Content-Type","value":"text/html; charset=UTF-8"},{"name":"Set-Cookie","value":"XSRF-TOKEN=eyJpdiI6ImE5OXNuWldNY0pSd1Q1S2tLWlhkZHc9PSIsInZhbHVlIjoic0o1MzZNQ1wvcStSUEFrY1hhbXIzZ1QzMDJReDNiUUpsRFMyU0RJaEhwc2ZCN3BzTnljalJ1NysrK3lYcmRqcjciLCJtYWMiOiJmNDRmNDljYzczYzYwZmM4ZDA0ZTA4YjM3ODQzODZlZmRiMmFlYWVkMzJiNzU3MzIzY2ZiZDQ5Y2ZiMGQyNmU1In0%3D; expires=Wed, 22-Jul-2020 19:51:12 GMT; Max-Age=604800; path=/"},{"name":"Set-Cookie","value":"pterodactyl_session=eyJpdiI6Imx3S0YyKzJFZUpDbDhEMUhndzFma0E9PSIsInZhbHVlIjoiV0RxeE9QOUhBR3pEV0NYcm1zS3BjelBkT0k0aWJSNUVcLzFOQ3M2WDA0MURaSTFIMGdxS1liUVY2dVVKb1JcL2FxIiwibWFjIjoiOWVkMjczNmJkNTc1NDhhZGQ1ZjI1Mzc1ODJhZTQ2YzM5OWFiZmIxN2FhYzg1N2M0ZmUwNTZhNTg3ODQ5MDNjNiJ9; expires=Wed, 22-Jul-2020 19:51:12 GMT; Max-Age=604800; path=/; httponly"}],"cookies":null,"content":{"mimeType":"text/html; charset=UTF-8","size":5389,"text":"\u003c!DOCTYPE html\u003e\n\u003chtml\u003e\n    \u003chead\u003e\n        \u003cmeta charset=\"utf-8\"\u003e\n        \u003cmeta http-equiv=\"X-UA-Compatible\" content=\"IE=edge\"\u003e\n        \u003ctitle\u003ePterodactyl -     Login\n\u003c/title\u003e\n        \u003cmeta content=\"width=device-width, initial-scale=1, maximum-scale=1, user-scalable=no\" name=\"viewport\"\u003e\n\n        \u003clink rel=\"apple-touch-icon\" sizes=\"180x180\" href=\"/favicons/apple-touch-icon.png\"\u003e\n        \u003clink rel=\"icon\" type=\"image/png\" href=\"/favicons/favicon-32x32.png\" sizes=\"32x32\"\u003e\n        \u003clink rel=\"icon\" type=\"image/png\" href=\"/favicons/favicon-16x16.png\" sizes=\"16x16\"\u003e\n        \u003clink rel=\"manifest\" href=\"/favicons/manifest.json\"\u003e\n        \u003clink rel=\"mask-icon\" href=\"/favicons/safari-pinned-tab.svg\" color=\"#bc6e3c\"\u003e\n        \u003clink rel=\"shortcut icon\" href=\"/favicons/favicon.ico\"\u003e\n        \u003cmeta name=\"msapplication-config\" content=\"/favicons/browserconfig.xml\"\u003e\n        \u003cmeta name=\"theme-color\" content=\"#0e4688\"\u003e\n\n                        \u003clink media=\"all\" type=\"text/css\" rel=\"stylesheet\" href=\"/themes/pterodactyl/vendor/bootstrap/bootstrap.min.css?t=e214e839e6c50f02138f0ef89f39ca64\"\u003e\n            \u003clink media=\"all\" type=\"text/css\" rel=\"stylesheet\" href=\"/themes/pterodactyl/vendor/adminlte/admin.min.css?t=e214e839e6c50f02138f0ef89f39ca64\"\u003e\n            \u003clink media=\"all\" type=\"text/css\" rel=\"stylesheet\" href=\"/themes/pterodactyl/css/pterodactyl.css?t=e214e839e6c50f02138f0ef89f39ca64\"\u003e\n            \u003clink rel=\"stylesheet\" href=\"https://cdnjs.cloudflare.com/ajax/libs/font-awesome/4.7.0/css/font-awesome.min.css\"\u003e\n            \u003clink rel=\"stylesheet\" href=\"https://cdnjs.cloudflare.com/ajax/libs/ionicons/2.0.1/css/ionicons.min.css\"\u003e\n\n            \u003c!--[if lt IE 9]\u003e\n            \u003cscript src=\"https://oss.maxcdn.com/html5shiv/3.7.3/html5shiv.min.js\"\u003e\u003c/script\u003e\n            \u003cscript src=\"https://oss.maxcdn.com/respond/1.4.2/respond.min.js\"\u003e\u003c/script\u003e\n            \u003c![endif]--\u003e\n        \n            \u003cscript src=\"https://www.google.com/recaptcha/api.js\" async defer\u003e\u003c/script\u003e\n        \u003cscript\u003e\n        function onSubmit(token) {\n            document.getElementById(\"loginForm\").submit();\n        }\n        \u003c/script\u003e\n         \u003c/head\u003e\n    \u003cbody id=\"particles-js\" class=\"hold-transition login-page\"\u003e\n        \u003cdiv class=\"container\"\u003e\n            \u003cdiv id=\"login-position-elements\"\u003e\n                \u003cdiv class=\"login-logo\"\u003e\n                    Pterodactyl\n                \u003c/div\u003e\n                \u003cdiv class=\"row\"\u003e\n    \u003cdiv class=\"col-sm-offset-3 col-xs-offset-1 col-sm-6 col-xs-10\"\u003e\n                    \u003c/div\u003e\n\u003c/div\u003e\n\u003cdiv class=\"row\"\u003e\n    \u003cdiv class=\"col-sm-offset-3 col-xs-offset-1 col-sm-6 col-xs-10 pterodactyl-login-box\"\u003e\n        \u003cform id=\"loginForm\" action=\"http://localhost:5080/auth/login\" method=\"POST\"\u003e\n            \u003cdiv class=\"form-group has-feedback\"\u003e\n                \u003cdiv class=\"pterodactyl-login-input\"\u003e\n                    \u003cinput type=\"text\" name=\"user\" class=\"form-control input-lg\" value=\"\" required placeholder=\"Username or Email\" autofocus\u003e\n                    \u003cspan class=\"fa fa-envelope form-control-feedback fa-lg\"\u003e\u003c/span\u003e\n                \u003c/div\u003e\n            \u003c/div\u003e\n            \u003cdiv class=\"form-group has-feedback\"\u003e\n                \u003cdiv class=\"pterodactyl-login-input\"\u003e\n                    \u003cinput type=\"password\" name=\"password\" class=\"form-control input-lg\" required placeholder=\"Password\"\u003e\n                    \u003cspan class=\"fa fa-lock form-control-feedback fa-lg\"\u003e\u003c/span\u003e\n                \u003c/div\u003e\n            \u003c/div\u003e\n            \u003cdiv class=\"row\"\u003e\n                \u003cdiv class=\"col-xs-4\"\u003e\n                    \u003ca href=\"http://localhost:5080/auth/password\"\u003e\u003cbutton type=\"button\" class=\"btn pterodactyl-login-button--left\"\u003e\u003ci class=\"fa fa-life-ring\"\u003e\u003c/i\u003e\u003c/button\u003e\u003c/a\u003e\n                \u003c/div\u003e\n                \u003cdiv class=\"col-xs-offset-4 col-xs-4\"\u003e\n                    \u003cinput type=\"hidden\" name=\"_token\" value=\"EjTf8wgYjURNQZ5l7gyb7cPX6GCgoPGSc5gBFGq6\"\u003e\n                    \u003cbutton type=\"submit\" class=\"btn btn-block g-recaptcha pterodactyl-login-button--main\"  data-sitekey=\"6LcJcjwUAAAAAO_Xqjrtj9wWufUpYRnK6BW8lnfn\" data-callback='onSubmit' \u003eSign In\u003c/button\u003e\n                \u003c/div\u003e\n            \u003c/div\u003e\n        \u003c/form\u003e\n    \u003c/div\u003e\n\u003c/div\u003e\n                \u003cp class=\"small login-copyright text-center\"\u003e\n                    Copyright \u0026copy; 2015 - 2020 \u003ca href=\"https://pterodactyl.io/\" target=\"_blank\"\u003ePterodactyl Software\u003c/a\u003e.\u003cbr /\u003e\n                \u003c/p\u003e\n            \u003c/div\u003e\n        \u003c/div\u003e\n        \u003cdiv class=\"login-corner-info small\"\u003e\n            \u003cstrong\u003e\u003ci class=\"fa fa-fw fa-git-square\"\u003e\u003c/i\u003e\u003c/strong\u003e aae67a8a\u003cbr /\u003e\n            \u003cstrong\u003e\u003ci class=\"fa fa-fw fa-clock-o\"\u003e\u003c/i\u003e\u003c/strong\u003e 0.119s\n        \u003c/div\u003e\n\n        \u003cscript src=\"/themes/pterodactyl/vendor/jquery/jquery.min.js?t=e214e839e6c50f02138f0ef89f39ca64\"\u003e\u003c/script\u003e\n        \u003cscript src=\"/themes/pterodactyl/vendor/bootstrap/bootstrap.min.js?t=e214e839e6c50f02138f0ef89f39ca64\"\u003e\u003c/script\u003e\n        \u003cscript src=\"/js/autocomplete.js?t=e214e839e6c50f02138f0ef89f39ca64\"\u003e\u003c/script\u003e\n        \u003cscript src=\"/themes/pterodactyl/vendor/particlesjs/particles.min.js?t=e214e839e6c50f02138f0ef89f39ca64\"\u003e\u003c/script\u003e\n        \u003cscript type=\"text/javascript\"\u003e\n            /* particlesJS.load(@dom-id, @path-json, @callback (optional)); */\n            $(function () {\n                particlesJS.load('particles-js', '/themes/pterodactyl/vendor/particlesjs/particles.json?t=e214e839e6c50f02138f0ef89f39ca64', function() {});\n            })\n        \u003c/script\u003e\n    \u003c/body\u003e\n\u003c/html\u003e\n"},"redirectURL":"","headersSize":0,"bodySize":0,"_transferSize":0},"serverIPAddress":"192.168.144.4"},{"startedDateTime":"2020-07-15T20:51:15.546852+01:00","time":573338000,"request":{"method":"POST","url":"http://localhost:5080/auth/login","httpVersion":"","headers":[{"name":"User-Agent","value":"Mozilla/5.0 (X11; Linux x86_64) AppleWebKit/537.36 (KHTML, like Gecko) Chrome/83.0.4103.116 Safari/537.36"},{"name":"Cache-Control","value":"max-age=0"},{"name":"Accept-Encoding","value":"gzip, deflate, br"},{"name":"Accept-Language","value":"en-GB,en-US;q=0.9,en;q=0.8"},{"name":"Sec-Fetch-Mode","value":"navigate"},{"name":"Cookie","value":"jenkins-timestamper-offset=-3600000; XSRF-TOKEN=eyJpdiI6ImE5OXNuWldNY0pSd1Q1S2tLWlhkZHc9PSIsInZhbHVlIjoic0o1MzZNQ1wvcStSUEFrY1hhbXIzZ1QzMDJReDNiUUpsRFMyU0RJaEhwc2ZCN3BzTnljalJ1NysrK3lYcmRqcjciLCJtYWMiOiJmNDRmNDljYzczYzYwZmM4ZDA0ZTA4YjM3ODQzODZlZmRiMmFlYWVkMzJiNzU3MzIzY2ZiZDQ5Y2ZiMGQyNmU1In0%3D; pterodactyl_session=eyJpdiI6Imx3S0YyKzJFZUpDbDhEMUhndzFma0E9PSIsInZhbHVlIjoiV0RxeE9QOUhBR3pEV0NYcm1zS3BjelBkT0k0aWJSNUVcLzFOQ3M2WDA0MURaSTFIMGdxS1liUVY2dVVKb1JcL2FxIiwibWFjIjoiOWVkMjczNmJkNTc1NDhhZGQ1ZjI1Mzc1ODJhZTQ2YzM5OWFiZmIxN2FhYzg1N2M0ZmUwNTZhNTg3ODQ5MDNjNiJ9"},{"name":"Sec-Fetch-Site","value":"same-origin"},{"name":"Upgrade-Insecure-Requests","value":"1"},{"name":"Content-Type","value":"application/x-www-form-urlencoded"},{"name":"Content-Type","value":"application/x-www-form-urlencoded"},{"name":"Accept","value":"text/html,application/xhtml+xml,application/xml;q=0.9,image/webp,image/apng,*/*;q=0.8,application/signed-exchange;v=b3;q=0.9"},{"name":"Referer","value":"http://localhost:5080/auth/login"},{"name":"Connection","value":"keep-alive"},{"name":"Origin","value":"http://localhost:5080"},{"name":"Content-Length","value":"495"},{"name":"Sec-Fetch-Dest","value":"document"},{"name":"Sec-Fetch-User","value":"?1"},{"name":"Host","value":"localhost:5080"}],"queryString":null,"cookies":[{"name":"jenkins-timestamper-offset","value":"-3600000","expires":"0001-01-01T00:00:00Z","httpOnly":false,"secure":false},{"name":"XSRF-TOKEN","value":"eyJpdiI6ImE5OXNuWldNY0pSd1Q1S2tLWlhkZHc9PSIsInZhbHVlIjoic0o1MzZNQ1wvcStSUEFrY1hhbXIzZ1QzMDJReDNiUUpsRFMyU0RJaEhwc2ZCN3BzTnljalJ1NysrK3lYcmRqcjciLCJtYWMiOiJmNDRmNDljYzczYzYwZmM4ZDA0ZTA4YjM3ODQzODZlZmRiMmFlYWVkMzJiNzU3MzIzY2ZiZDQ5Y2ZiMGQyNmU1In0%3D","expires":"0001-01-01T00:00:00Z","httpOnly":false,"secure":false},{"name":"pterodactyl_session","value":"eyJpdiI6Imx3S0YyKzJFZUpDbDhEMUhndzFma0E9PSIsInZhbHVlIjoiV0RxeE9QOUhBR3pEV0NYcm1zS3BjelBkT0k0aWJSNUVcLzFOQ3M2WDA0MURaSTFIMGdxS1liUVY2dVVKb1JcL2FxIiwibWFjIjoiOWVkMjczNmJkNTc1NDhhZGQ1ZjI1Mzc1ODJhZTQ2YzM5OWFiZmIxN2FhYzg1N2M0ZmUwNTZhNTg3ODQ5MDNjNiJ9","expires":"0001-01-01T00:00:00Z","httpOnly":false,"secure":false}],"headersSize":0,"bodySize":0,"content":{"mimeType":"application/x-www-form-urlencoded","size":495,"text":"user=test\u0026password=password\u0026_token=EjTf8wgYjURNQZ5l7gyb7cPX6GCgoPGSc5gBFGq6\u0026g-recaptcha-response=03AGdBq24-3TvMYHHEnTsdaoU3G_yjANjju8jjoc4yJeGIUMEqNSWm9AL1sP1uX8wVJTZsy3q3fVLyX8xjIFcIEbtFZoTL3nWgPkQJoENc7k00bu0lX1p3Nlm3cN62pt2bvn1nOs6kvkMAlY3IGw-C8y0a-hjDCMQue2KDgYxMp04YWch0Te1zAvzqm-27WUZq6pJWCR4ejca0xKowvmnLwSmqbrvM8P3gJHMCrV6LrXdduItvQOf-SU-knPH4Jy-yj9Bfldpazb-2c_bZbALxV9GYU41kbjLaQ9V7LUn9WoFFYpTlHrwl3q7dlZdHI-P1TqCrkj0DzxJPIoZDtaeyvP2P-QIdoVHGImpN5M0Fix4X4whzLIDEPjbo6lhhoIxtr0BurcHj226d"}},"response":{"status":302,"statusText":"302 Found\r","httpVersion":"HTTP/1.0","headers":[{"name":"Cache-Control","value":"no-cache, private"},{"name":"Date","value":"Wed, 15 Jul 2020 19:51:16 GMT"},{"name":"Location","value":"http://localhost:5080/auth/login"},{"name":"Content-Type","value":"text/html; charset=UTF-8"},{"name":"Set-Cookie","value":"XSRF-TOKEN=eyJpdiI6Ilh6QjVJVGlGQU9sZlVjMkF2WjdkYVE9PSIsInZhbHVlIjoiZjgzNHNEN2sraHdrekdVU1pJbDdtSGwzZWtGdEFZdkt5NHpoMktla1hWaHM4emFMdlJGakhXXC9YM2lFdDNyYzEiLCJtYWMiOiI1MDBmYmM4YTQwZTY1MGE1MWQxMjdhZDZmOTYyMTE1NTAxMmI3YmI1OTUzZmMwM2JlODQ5YzNlZmM5ZDM3MzNiIn0%3D; expires=Wed, 22-Jul-2020 19:51:16 GMT; Max-Age=604800; path=/"},{"name":"Set-Cookie","value":"pterodactyl_session=eyJpdiI6Im9HNDF1c3BoZDN3K3RFTjRCVE9UblE9PSIsInZhbHVlIjoiN1p3YnNIcVYyQ1FRSWxVOHl2aHV2cWgwS2NLeVZEMVRSbElzOUpTNGp0TzQ1NGJmcE1Gb0lSQTMwV3FHRW5KQiIsIm1hYyI6ImQ3MmE2NTYwOWJhMGY1ZDI0OTIwNDk1YjI0Y2ZjZGY3YWNmMzkxNTZlZTRjNjI4MTQ3NjlkYWEwN2NhMzQ3MGYifQ%3D%3D; expires=Wed, 22-Jul-2020 19:51:16 GMT; Max-Age=604800; path=/; httponly"},{"name":"Status","value":"302 Found"},{"name":"X-Powered-By","value":"PHP/7.2.18"}],"cookies":null,"content":{"mimeType":"text/html; charset=UTF-8","size":372,"text":"\u003c!DOCTYPE html\u003e\n\u003chtml\u003e\n    \u003chead\u003e\n        \u003cmeta charset=\"UTF-8\" /\u003e\n        \u003cmeta http-equiv=\"refresh\" content=\"0;url=http://localhost:5080/auth/login\" /\u003e\n\n        \u003ctitle\u003eRedirecting to http://localhost:5080/auth/login\u003c/title\u003e\n    \u003c/head\u003e\n    \u003cbody\u003e\n        Redirecting to \u003ca href=\"http://localhost:5080/auth/login\"\u003ehttp://localhost:5080/auth/login\u003c/a\u003e.\n    \u003c/body\u003e\n\u003c/html\u003e"},"redirectURL":"","headersSize":0,"bodySize":0,"_transferSize":0},"serverIPAddress":"192.168.144.4"},{"startedDateTime":"2020-07-15T20:51:16.141093+01:00","time":153442000,"request":{"method":"GET","url":"http://localhost:5080/auth/login","httpVersion":"","headers":[{"name":"Upgrade-Insecure-Requests","value":"1"},{"name":"Connection","value":"keep-alive"},{"name":"Accept","value":"text/html,application/xhtml+xml,application/xml;q=0.9,image/webp,image/apng,*/*;q=0.8,application/signed-exchange;v=b3;q=0.9"},{"name":"Referer","value":"http://localhost:5080/auth/login"},{"name":"Sec-Fetch-Site","value":"same-origin"},{"name":"Sec-Fetch-User","value":"?1"},{"name":"Sec-Fetch-Mode","value":"navigate"},{"name":"User-Agent","value":"Mozilla/5.0 (X11; Linux x86_64) AppleWebKit/537.36 (KHTML, like Gecko) Chrome/83.0.4103.116 Safari/537.36"},{"name":"Sec-Fetch-Dest","value":"document"},{"name":"Cookie","value":"jenkins-timestamper-offset=-3600000; XSRF-TOKEN=eyJpdiI6Ilh6QjVJVGlGQU9sZlVjMkF2WjdkYVE9PSIsInZhbHVlIjoiZjgzNHNEN2sraHdrekdVU1pJbDdtSGwzZWtGdEFZdkt5NHpoMktla1hWaHM4emFMdlJGakhXXC9YM2lFdDNyYzEiLCJtYWMiOiI1MDBmYmM4YTQwZTY1MGE1MWQxMjdhZDZmOTYyMTE1NTAxMmI3YmI1OTUzZmMwM2JlODQ5YzNlZmM5ZDM3MzNiIn0%3D; pterodactyl_session=eyJpdiI6Im9HNDF1c3BoZDN3K3RFTjRCVE9UblE9PSIsInZhbHVlIjoiN1p3YnNIcVYyQ1FRSWxVOHl2aHV2cWgwS2NLeVZEMVRSbElzOUpTNGp0TzQ1NGJmcE1Gb0lSQTMwV3FHRW5KQiIsIm1hYyI6ImQ3MmE2NTYwOWJhMGY1ZDI0OTIwNDk1YjI0Y2ZjZGY3YWNmMzkxNTZlZTRjNjI4MTQ3NjlkYWEwN2NhMzQ3MGYifQ%3D%3D"},{"name":"Accept-Language","value":"en-GB,en-US;q=0.9,en;q=0.8"},{"name":"Cache-Control","value":"max-age=0"},{"name":"Accept-Encoding","value":"gzip, deflate, br"},{"name":"Host","value":"localhost:5080"}],"queryString":null,"cookies":[{"name":"jenkins-timestamper-offset","value":"-3600000","expires":"0001-01-01T00:00:00Z","httpOnly":false,"secure":false},{"name":"XSRF-TOKEN","value":"eyJpdiI6Ilh6QjVJVGlGQU9sZlVjMkF2WjdkYVE9PSIsInZhbHVlIjoiZjgzNHNEN2sraHdrekdVU1pJbDdtSGwzZWtGdEFZdkt5NHpoMktla1hWaHM4emFMdlJGakhXXC9YM2lFdDNyYzEiLCJtYWMiOiI1MDBmYmM4YTQwZTY1MGE1MWQxMjdhZDZmOTYyMTE1NTAxMmI3YmI1OTUzZmMwM2JlODQ5YzNlZmM5ZDM3MzNiIn0%3D","expires":"0001-01-01T00:00:00Z","httpOnly":false,"secure":false},{"name":"pterodactyl_session","value":"eyJpdiI6Im9HNDF1c3BoZDN3K3RFTjRCVE9UblE9PSIsInZhbHVlIjoiN1p3YnNIcVYyQ1FRSWxVOHl2aHV2cWgwS2NLeVZEMVRSbElzOUpTNGp0TzQ1NGJmcE1Gb0lSQTMwV3FHRW5KQiIsIm1hYyI6ImQ3MmE2NTYwOWJhMGY1ZDI0OTIwNDk1YjI0Y2ZjZGY3YWNmMzkxNTZlZTRjNjI4MTQ3NjlkYWEwN2NhMzQ3MGYifQ%3D%3D","expires":"0001-01-01T00:00:00Z","httpOnly":false,"secure":false}],"headersSize":0,"bodySize":0,"content":{"mimeType":"","size":0,"text":""}},"response":{"status":200,"statusText":"200 OK","httpVersion":"HTTP/1.0","headers":[{"name":"Set-Cookie","value":"XSRF-TOKEN=eyJpdiI6InF2WFRDQkRmVWZUdTB2Z0NnWmNmTWc9PSIsInZhbHVlIjoiRnNkRlhiVEdXMTgwUlZjeWlcL0RvWG5waml6OGp2Slhtc0dcL0ZNaWZJZGlNbWV2bWFFcVcwRWZNalwvK3JCMDBmVCIsIm1hYyI6IjA2Y2VmOGFjOTU3ZTJjN2ExNjIyZTE3NGUwMGI4NDdlYWU0YjIzM2Q4ZDNhYjI5Zjk4YTk4MmQ1NGYwNmRjMDUifQ%3D%3D; expires=Wed, 22-Jul-2020 19:51:16 GMT; Max-Age=604800; path=/"},{"name":"Set-Cookie","value":"pterodactyl_session=eyJpdiI6IlBpeWRUa1psOWpRNTgwUjNIYllhbXc9PSIsInZhbHVlIjoiK3VjaHBYVWxkOUVjZDB1Z1BaUTZWMVNqdVpaMWpCbEZFXC9GdWZyVktcLzVPNnZwS28zV2M0VnRFMDhuanZkazZMIiwibWFjIjoiYjM4ZGY0ZTExNDMzMGU3ODczMmQwY2FhNzk1YWYyOTBiOGE3MDgxOGM4ODdjZGQ2ZjI0Nzg3NGNiMGIyZjFlMCJ9; expires=Wed, 22-Jul-2020 19:51:16 GMT; Max-Age=604800; path=/; httponly"},{"name":"X-Powered-By","value":"PHP/7.2.18"},{"name":"Cache-Control","value":"no-cache, private"},{"name":"Date","value":"Wed, 15 Jul 2020 19:51:16 GMT"},{"name":"Content-Type","value":"text/html; charset=UTF-8"}],"cookies":null,"content":{"mimeType":"text/html; charset=UTF-8","size":5894,"text":"\u003c!DOCTYPE html\u003e\n\u003chtml\u003e\n    \u003chead\u003e\n        \u003cmeta charset=\"utf-8\"\u003e\n        \u003cmeta http-equiv=\"X-UA-Compatible\" content=\"IE=edge\"\u003e\n        \u003ctitle\u003ePterodactyl -     Login\n\u003c/title\u003e\n        \u003cmeta content=\"width=device-width, initial-scale=1, maximum-scale=1, user-scalable=no\" name=\"viewport\"\u003e\n\n        \u003clink rel=\"apple-touch-icon\" sizes=\"180x180\" href=\"/favicons/apple-touch-icon.png\"\u003e\n        \u003clink rel=\"icon\" type=\"image/png\" href=\"/favicons/favicon-32x32.png\" sizes=\"32x32\"\u003e\n        \u003clink rel=\"icon\" type=\"image/png\" href=\"/favicons/favicon-16x16.png\" sizes=\"16x16\"\u003e\n        \u003clink rel=\"manifest\" href=\"/favicons/manifest.json\"\u003e\n        \u003clink rel=\"mask-icon\" href=\"/favicons/safari-pinned-tab.svg\" color=\"#bc6e3c\"\u003e\n        \u003clink rel=\"shortcut icon\" href=\"/favicons/favicon.ico\"\u003e\n        \u003cmeta name=\"msapplication-config\" content=\"/favicons/browserconfig.xml\"\u003e\n        \u003cmeta name=\"theme-color\" content=\"#0e4688\"\u003e\n\n                        \u003clink media=\"all\" type=\"text/css\" rel=\"stylesheet\" href=\"/themes/pterodactyl/vendor/bootstrap/bootstrap.min.css?t=e214e839e6c50f02138f0ef89f39ca64\"\u003e\n            \u003clink media=\"all\" type=\"text/css\" rel=\"stylesheet\" href=\"/themes/pterodactyl/vendor/adminlte/admin.min.css?t=e214e839e6c50f02138f0ef89f39ca64\"\u003e\n            \u003clink media=\"all\" type=\"text/css\" rel=\"stylesheet\" href=\"/themes/pterodactyl/css/pterodactyl.css?t=e214e839e6c50f02138f0ef89f39ca64\"\u003e\n            \u003clink rel=\"stylesheet\" href=\"https://cdnjs.cloudflare.com/ajax/libs/font-awesome/4.7.0/css/font-awesome.min.css\"\u003e\n            \u003clink rel=\"stylesheet\" href=\"https://cdnjs.cloudflare.com/ajax/libs/ionicons/2.0.1/css/ionicons.min.css\"\u003e\n\n            \u003c!--[if lt IE 9]\u003e\n            \u003cscript src=\"https://oss.maxcdn.com/html5shiv/3.7.3/html5shiv.min.js\"\u003e\u003c/script\u003e\n            \u003cscript src=\"https://oss.maxcdn.com/respond/1.4.2/respond.min.js\"\u003e\u003c/script\u003e\n            \u003c![endif]--\u003e\n        \n            \u003cscript src=\"https://www.google.com/recaptcha/api.js\" async defer\u003e\u003c/script\u003e\n        \u003cscript\u003e\n        function onSubmit(token) {\n            document.getElementById(\"loginForm\").submit();\n        }\n        \u003c/script\u003e\n         \u003c/head\u003e\n    \u003cbody id=\"particles-js\" class=\"hold-transition login-page\"\u003e\n        \u003cdiv class=\"container\"\u003e\n            \u003cdiv id=\"login-position-elements\"\u003e\n                \u003cdiv class=\"login-logo\"\u003e\n                    Pterodactyl\n                \u003c/div\u003e\n                \u003cdiv class=\"row\"\u003e\n    \u003cdiv class=\"col-sm-offset-3 col-xs-offset-1 col-sm-6 col-xs-10\"\u003e\n                    \u003cdiv class=\"alert alert-danger\"\u003e\n                \u003cbutton type=\"button\" class=\"close\" data-dismiss=\"alert\" aria-label=\"Close\"\u003e\u003cspan aria-hidden=\"true\"\u003e\u0026times;\u003c/span\u003e\u003c/button\u003e\n                There was an error while attempting to login.\u003cbr\u003e\u003cbr\u003e\n                \u003cul\u003e\n                                            \u003cli\u003eThe credentials provided do not match those we have on record, or the 2FA token provided was invalid.\u003c/li\u003e\n                                    \u003c/ul\u003e\n            \u003c/div\u003e\n                    \u003c/div\u003e\n\u003c/div\u003e\n\u003cdiv class=\"row\"\u003e\n    \u003cdiv class=\"col-sm-offset-3 col-xs-offset-1 col-sm-6 col-xs-10 pterodactyl-login-box\"\u003e\n        \u003cform id=\"loginForm\" action=\"http://localhost:5080/auth/login\" method=\"POST\"\u003e\n            \u003cdiv class=\"form-group has-feedback\"\u003e\n                \u003cdiv class=\"pterodactyl-login-input\"\u003e\n                    \u003cinput type=\"text\" name=\"user\" class=\"form-control input-lg\" value=\"test\" required placeholder=\"Username or Email\" autofocus\u003e\n                    \u003cspan class=\"fa fa-envelope form-control-feedback fa-lg\"\u003e\u003c/span\u003e\n                \u003c/div\u003e\n            \u003c/div\u003e\n            \u003cdiv class=\"form-group has-feedback\"\u003e\n                \u003cdiv class=\"pterodactyl-login-input\"\u003e\n                    \u003cinput type=\"password\" name=\"password\" class=\"form-control input-lg\" required placeholder=\"Password\"\u003e\n                    \u003cspan class=\"fa fa-lock form-control-feedback fa-lg\"\u003e\u003c/span\u003e\n                \u003c/div\u003e\n            \u003c/div\u003e\n            \u003cdiv class=\"row\"\u003e\n                \u003cdiv class=\"col-xs-4\"\u003e\n                    \u003ca href=\"http://localhost:5080/auth/password\"\u003e\u003cbutton type=\"button\" class=\"btn pterodactyl-login-button--left\"\u003e\u003ci class=\"fa fa-life-ring\"\u003e\u003c/i\u003e\u003c/button\u003e\u003c/a\u003e\n                \u003c/div\u003e\n                \u003cdiv class=\"col-xs-offset-4 col-xs-4\"\u003e\n                    \u003cinput type=\"hidden\" name=\"_token\" value=\"EjTf8wgYjURNQZ5l7gyb7cPX6GCgoPGSc5gBFGq6\"\u003e\n                    \u003cbutton type=\"submit\" class=\"btn btn-block g-recaptcha pterodactyl-login-button--main\"  data-sitekey=\"6LcJcjwUAAAAAO_Xqjrtj9wWufUpYRnK6BW8lnfn\" data-callback='onSubmit' \u003eSign In\u003c/button\u003e\n                \u003c/div\u003e\n            \u003c/div\u003e\n        \u003c/form\u003e\n    \u003c/div\u003e\n\u003c/div\u003e\n                \u003cp class=\"small login-copyright text-center\"\u003e\n                    Copyright \u0026copy; 2015 - 2020 \u003ca href=\"https://pterodactyl.io/\" target=\"_blank\"\u003ePterodactyl Software\u003c/a\u003e.\u003cbr /\u003e\n                \u003c/p\u003e\n            \u003c/div\u003e\n        \u003c/div\u003e\n        \u003cdiv class=\"login-corner-info small\"\u003e\n            \u003cstrong\u003e\u003ci class=\"fa fa-fw fa-git-square\"\u003e\u003c/i\u003e\u003c/strong\u003e aae67a8a\u003cbr /\u003e\n            \u003cstrong\u003e\u003ci class=\"fa fa-fw fa-clock-o\"\u003e\u003c/i\u003e\u003c/strong\u003e 0.152s\n        \u003c/div\u003e\n\n        \u003cscript src=\"/themes/pterodactyl/vendor/jquery/jquery.min.js?t=e214e839e6c50f02138f0ef89f39ca64\"\u003e\u003c/script\u003e\n        \u003cscript src=\"/themes/pterodactyl/vendor/bootstrap/bootstrap.min.js?t=e214e839e6c50f02138f0ef89f39ca64\"\u003e\u003c/script\u003e\n        \u003cscript src=\"/js/autocomplete.js?t=e214e839e6c50f02138f0ef89f39ca64\"\u003e\u003c/script\u003e\n        \u003cscript src=\"/themes/pterodactyl/vendor/particlesjs/particles.min.js?t=e214e839e6c50f02138f0ef89f39ca64\"\u003e\u003c/script\u003e\n        \u003cscript type=\"text/javascript\"\u003e\n            /* particlesJS.load(@dom-id, @path-json, @callback (optional)); */\n            $(function () {\n                particlesJS.load('particles-js', '/themes/pterodactyl/vendor/particlesjs/particles.json?t=e214e839e6c50f02138f0ef89f39ca64', function() {});\n            })\n        \u003c/script\u003e\n    \u003c/body\u003e\n\u003c/html\u003e\n"},"redirectURL":"","headersSize":0,"bodySize":0,"_transferSize":0},"serverIPAddress":"192.168.144.4"}]}}
